[2026-04-17 17:50:16] API error hal=perkara: SQLSTATE[HY000] [1045] Access denied for user 'admin'@'localhost' (using password: NO)
[2026-04-17 17:51:15] API error hal=perkara: SQLSTATE[HY000] [1045] Access denied for user 'admin'@'localhost' (using password: NO)
[2026-04-17 17:52:08] API error hal=perkara: SQLSTATE[HY000] [1045] Access denied for user 'admin'@'localhost' (using password: NO)
[2026-04-18 02:43:54] API error hal=perkara: SQLSTATE[HY000] [1045] Access denied for user 'admin'@'localhost' (using password: NO)
[2026-04-18 02:44:00] API error hal=perkara: SQLSTATE[HY000] [1045] Access denied for user 'admin'@'localhost' (using password: NO)
[2026-04-18 02:44:06] API error hal=perkara: SQLSTATE[HY000] [1045] Access denied for user 'admin'@'localhost' (using password: NO)
[2026-04-18 02:44:29] API error hal=perkara: SQLSTATE[HY000] [1045] Access denied for user 'admin'@'localhost' (using password: NO)
[2026-04-18 02:44:33] API error hal=perkara: SQLSTATE[HY000] [1045] Access denied for user 'admin'@'localhost' (using password: NO)
[2026-04-18 02:44:39] API error hal=perkara: SQLSTATE[HY000] [1045] Access denied for user 'admin'@'localhost' (using password: NO)
[2026-04-18 02:44:39] API error hal=perkara: SQLSTATE[HY000] [1045] Access denied for user 'admin'@'localhost' (using password: NO)
[2026-04-18 02:45:03] API error hal=perkara: SQLSTATE[HY000] [1045] Access denied for user 'admin'@'localhost' (using password: NO)
[2026-04-18 02:45:21] API error hal=perkara: SQLSTATE[HY000] [1045] Access denied for user 'admin'@'localhost' (using password: NO)
[2026-04-18 02:46:33] API error hal=perkara: SQLSTATE[HY000] [1045] Access denied for user 'admin'@'localhost' (using password: NO)
[2026-04-18 02:47:07] API error hal=perkara: SQLSTATE[HY000] [1045] Access denied for user 'admin'@'localhost' (using password: NO)
[2026-04-18 02:47:21] API error hal=perkara: SQLSTATE[HY000] [1045] Access denied for user 'admin'@'localhost' (using password: NO)
[2026-04-18 02:48:33] API error hal=perkara: SQLSTATE[HY000] [1045] Access denied for user 'admin'@'localhost' (using password: NO)
[2026-04-18 02:49:03] API error hal=perkara: SQLSTATE[HY000] [1045] Access denied for user 'admin'@'localhost' (using password: NO)
[2026-04-18 02:49:21] API error hal=perkara: SQLSTATE[HY000] [1045] Access denied for user 'admin'@'localhost' (using password: NO)
[2026-04-18 02:50:33] API error hal=perkara: SQLSTATE[HY000] [1045] Access denied for user 'admin'@'localhost' (using password: NO)
[2026-04-18 02:51:03] API error hal=perkara: SQLSTATE[HY000] [1045] Access denied for user 'admin'@'localhost' (using password: NO)
[2026-04-18 02:51:21] API error hal=perkara: SQLSTATE[HY000] [1045] Access denied for user 'admin'@'localhost' (using password: NO)
[2026-04-18 02:52:16] API error hal=perkara: SQLSTATE[HY000] [1045] Access denied for user 'admin'@'localhost' (using password: NO)
[2026-04-18 02:52:17] API error hal=perkara: SQLSTATE[HY000] [1045] Access denied for user 'admin'@'localhost' (using password: NO)
[2026-04-18 02:52:17] API error hal=perkara: SQLSTATE[HY000] [1045] Access denied for user 'admin'@'localhost' (using password: NO)
[2026-04-18 02:52:21] API error hal=perkara: SQLSTATE[HY000] [1045] Access denied for user 'admin'@'localhost' (using password: NO)
[2026-04-18 02:52:21] API error hal=perkara: SQLSTATE[HY000] [1045] Access denied for user 'admin'@'localhost' (using password: NO)
[2026-04-18 02:52:21] API error hal=perkara: SQLSTATE[HY000] [1045] Access denied for user 'admin'@'localhost' (using password: NO)
[2026-04-18 02:52:23] API error hal=perkara: SQLSTATE[HY000] [1045] Access denied for user 'admin'@'localhost' (using password: NO)
[2026-04-18 02:52:24] API error hal=perkara: SQLSTATE[HY000] [1045] Access denied for user 'admin'@'localhost' (using password: NO)
[2026-04-18 02:52:25] API error hal=perkara: SQLSTATE[HY000] [1045] Access denied for user 'admin'@'localhost' (using password: NO)
[2026-04-18 02:52:31] API error hal=perkara: SQLSTATE[HY000] [1045] Access denied for user 'admin'@'localhost' (using password: NO)
[2026-04-18 02:52:31] API error hal=perkara: SQLSTATE[HY000] [1045] Access denied for user 'admin'@'localhost' (using password: NO)
[2026-04-18 02:52:32] API error hal=perkara: SQLSTATE[HY000] [1045] Access denied for user 'admin'@'localhost' (using password: NO)
[2026-04-18 02:53:03] API error hal=perkara: SQLSTATE[HY000] [1045] Access denied for user 'admin'@'localhost' (using password: NO)
[2026-04-18 02:54:33] API error hal=perkara: SQLSTATE[HY000] [1045] Access denied for user 'admin'@'localhost' (using password: NO)
[2026-04-18 02:54:33] API error hal=perkara: SQLSTATE[HY000] [1045] Access denied for user 'admin'@'localhost' (using password: NO)
[2026-04-18 02:54:33] API error hal=perkara: SQLSTATE[HY000] [1045] Access denied for user 'admin'@'localhost' (using password: NO)
[2026-04-18 02:55:03] API error hal=perkara: SQLSTATE[HY000] [1045] Access denied for user 'admin'@'localhost' (using password: NO)
[2026-04-18 02:56:33] API error hal=perkara: SQLSTATE[HY000] [1045] Access denied for user 'admin'@'localhost' (using password: NO)
[2026-04-18 02:56:33] API error hal=perkara: SQLSTATE[HY000] [1045] Access denied for user 'admin'@'localhost' (using password: NO)
[2026-04-18 02:56:33] API error hal=perkara: SQLSTATE[HY000] [1045] Access denied for user 'admin'@'localhost' (using password: NO)
[2026-04-18 02:57:03] API error hal=perkara: SQLSTATE[HY000] [1045] Access denied for user 'admin'@'localhost' (using password: NO)
[2026-04-18 02:57:42] API error hal=perkara: SQLSTATE[HY000] [1045] Access denied for user 'admin'@'localhost' (using password: NO)
[2026-04-18 02:57:42] API error hal=perkara: SQLSTATE[HY000] [1045] Access denied for user 'admin'@'localhost' (using password: NO)
[2026-04-18 02:57:42] API error hal=perkara: SQLSTATE[HY000] [1045] Access denied for user 'admin'@'localhost' (using password: NO)
[2026-04-18 02:57:44] API error hal=perkara: SQLSTATE[HY000] [1045] Access denied for user 'admin'@'localhost' (using password: NO)
[2026-04-18 02:57:44] API error hal=perkara: SQLSTATE[HY000] [1045] Access denied for user 'admin'@'localhost' (using password: NO)
[2026-04-18 02:57:44] API error hal=perkara: SQLSTATE[HY000] [1045] Access denied for user 'admin'@'localhost' (using password: NO)
[2026-04-18 02:57:45] API error hal=perkara: SQLSTATE[HY000] [1045] Access denied for user 'admin'@'localhost' (using password: NO)
[2026-04-18 02:57:46] API error hal=perkara: SQLSTATE[HY000] [1045] Access denied for user 'admin'@'localhost' (using password: NO)
[2026-04-18 02:57:46] API error hal=perkara: SQLSTATE[HY000] [1045] Access denied for user 'admin'@'localhost' (using password: NO)
[2026-04-18 02:57:46] API error hal=perkara: SQLSTATE[HY000] [1045] Access denied for user 'admin'@'localhost' (using password: NO)
[2026-04-18 02:57:46] API error hal=perkara: SQLSTATE[HY000] [1045] Access denied for user 'admin'@'localhost' (using password: NO)
[2026-04-18 02:57:47] API error hal=perkara: SQLSTATE[HY000] [1045] Access denied for user 'admin'@'localhost' (using password: NO)
[2026-04-18 02:58:10] API error hal=perkara: SQLSTATE[HY000] [1045] Access denied for user 'admin'@'localhost' (using password: NO)
[2026-04-18 02:58:10] API error hal=perkara: SQLSTATE[HY000] [1045] Access denied for user 'admin'@'localhost' (using password: NO)
[2026-04-18 02:58:10] API error hal=perkara: SQLSTATE[HY000] [1045] Access denied for user 'admin'@'localhost' (using password: NO)
[2026-04-18 02:58:12] API error hal=perkara: SQLSTATE[HY000] [1045] Access denied for user 'admin'@'localhost' (using password: NO)
[2026-04-18 02:58:12] API error hal=perkara: SQLSTATE[HY000] [1045] Access denied for user 'admin'@'localhost' (using password: NO)
[2026-04-18 02:58:12] API error hal=perkara: SQLSTATE[HY000] [1045] Access denied for user 'admin'@'localhost' (using password: NO)
[2026-04-18 02:58:17] API error hal=perkara: SQLSTATE[HY000] [1045] Access denied for user 'admin'@'localhost' (using password: NO)
[2026-04-18 02:58:17] API error hal=perkara: SQLSTATE[HY000] [1045] Access denied for user 'admin'@'localhost' (using password: NO)
[2026-04-18 02:58:17] API error hal=perkara: SQLSTATE[HY000] [1045] Access denied for user 'admin'@'localhost' (using password: NO)
[2026-04-18 02:59:08] API error hal=perkara: SQLSTATE[HY000] [1045] Access denied for user 'admin'@'localhost' (using password: NO)
[2026-04-18 03:03:31] API error hal=perkara: SQLSTATE[HY000] [1045] Access denied for user 'admin'@'localhost' (using password: NO)
[2026-04-18 03:03:31] API error hal=perkara: SQLSTATE[HY000] [1045] Access denied for user 'admin'@'localhost' (using password: NO)
[2026-04-18 03:03:31] API error hal=perkara: SQLSTATE[HY000] [1045] Access denied for user 'admin'@'localhost' (using password: NO)
[2026-04-18 03:03:32] API error hal=perkara: SQLSTATE[HY000] [1045] Access denied for user 'admin'@'localhost' (using password: NO)
[2026-04-18 03:03:32] API error hal=perkara: SQLSTATE[HY000] [1045] Access denied for user 'admin'@'localhost' (using password: NO)
[2026-04-18 03:03:59] API error hal=perkara: SQLSTATE[HY000] [1045] Access denied for user 'admin'@'localhost' (using password: NO)
[2026-04-18 03:04:01] API error hal=perkara: SQLSTATE[HY000] [1045] Access denied for user 'admin'@'localhost' (using password: NO)
[2026-04-18 03:04:24] API error hal=perkara: SQLSTATE[42S02]: Base table or view not found: 1146 Table 'lawangsewu_core.perkara' doesn't exist
[2026-05-17 18:01:14] API error hal=perkara: SQLSTATE[08004] [1040] Too many connections
[2026-05-17 18:01:41] API error hal=perkara: SQLSTATE[08004] [1040] Too many connections
[2026-05-17 18:01:54] API error hal=perkara: SQLSTATE[08004] [1040] Too many connections
[2026-05-17 18:02:03] API error hal=perkara: SQLSTATE[08004] [1040] Too many connections
[2026-05-18 07:47:00] API error hal=perkara: SQLSTATE[08004] [1040] Too many connections
[2026-05-19 08:37:13] API error hal=perkara: SQLSTATE[08004] [1040] Too many connections
[2026-05-19 08:40:48] API error hal=perkara: SQLSTATE[08004] [1040] Too many connections
[2026-05-19 08:40:57] API error hal=perkara: SQLSTATE[08004] [1040] Too many connections
[2026-05-19 08:42:56] API error hal=perkara: SQLSTATE[08004] [1040] Too many connections
[2026-05-19 08:50:43] API error hal=perkara: SQLSTATE[08004] [1040] Too many connections
[2026-05-21 02:37:36] API error hal=perkara: SQLSTATE[08004] [1040] Too many connections
[2026-05-24 18:01:43] API error hal=perkara: SQLSTATE[08004] [1040] Too many connections
[2026-05-24 18:01:46] API error hal=perkara: SQLSTATE[08004] [1040] Too many connections
[2026-05-24 18:02:09] API error hal=perkara: SQLSTATE[08004] [1040] Too many connections
[2026-05-24 18:02:45] API error hal=perkara: SQLSTATE[08004] [1040] Too many connections
[2026-06-01 03:46:48] API error hal=perkara: SQLSTATE[HY000] [2002] No route to host
[2026-06-07 18:01:20] API error hal=perkara: SQLSTATE[08004] [1040] Too many connections
[2026-06-07 18:02:54] API error hal=perkara: SQLSTATE[08004] [1040] Too many connections
[2026-06-07 18:03:09] API error hal=perkara: SQLSTATE[08004] [1040] Too many connections
[2026-06-07 18:03:25] API error hal=perkara: SQLSTATE[08004] [1040] Too many connections
[2026-06-07 18:03:26] API error hal=perkara: SQLSTATE[08004] [1040] Too many connections
[2026-06-07 18:04:59] API error hal=perkara: SQLSTATE[08004] [1040] Too many connections
[2026-06-07 18:06:26] API error hal=perkara: SQLSTATE[08004] [1040] Too many connections
[2026-06-07 18:06:30] API error hal=perkara: SQLSTATE[08004] [1040] Too many connections
[2026-06-07 18:06:52] API error hal=perkara: SQLSTATE[08004] [1040] Too many connections
[2026-06-07 18:06:53] API error hal=perkara: SQLSTATE[08004] [1040] Too many connections
[2026-06-07 18:07:12] API error hal=perkara: SQLSTATE[08004] [1040] Too many connections
[2026-06-07 18:07:12] API error hal=perkara: SQLSTATE[08004] [1040] Too many connections
[2026-06-07 18:07:27] API error hal=perkara: SQLSTATE[08004] [1040] Too many connections
[2026-06-07 18:07:54] API error hal=perkara: SQLSTATE[08004] [1040] Too many connections
[2026-06-07 18:08:04] API error hal=perkara: SQLSTATE[08004] [1040] Too many connections
[2026-06-08 18:03:46] API error hal=perkara: SQLSTATE[08004] [1040] Too many connections
[2026-06-22 18:03:30] API error hal=perkara: SQLSTATE[08004] [1040] Too many connections
[2026-06-22 18:03:31] API error hal=perkara: SQLSTATE[08004] [1040] Too many connections
[2026-07-14 18:02:40] API error hal=perkara: SQLSTATE[08004] [1040] Too many connections
[2026-07-14 18:03:13] API error hal=perkara: SQLSTATE[08004] [1040] Too many connections
[2026-07-14 18:07:23] API error hal=perkara: SQLSTATE[08004] [1040] Too many connections
[2026-07-29 18:03:37] API error hal=perkara: SQLSTATE[08004] [1040] Too many connections
[2026-08-01 14:10:36] API error hal=perkara: SQLSTATE[HY000] [2002] No route to host
[2026-08-01 14:26:45] API error hal=perkara: SQLSTATE[HY000] [2002] No route to host
[2026-08-01 14:29:12] API error hal=perkara: SQLSTATE[HY000] [2002] No route to host
[2026-08-01 14:29:46] API error hal=perkara: SQLSTATE[HY000] [2002] No route to host
[2026-08-01 14:32:11] API error hal=perkara: SQLSTATE[HY000] [2002] No route to host
[2026-08-01 14:54:23] API error hal=perkara: SQLSTATE[HY000] [2002] No route to host
[2026-08-01 14:55:12] API error hal=perkara: SQLSTATE[HY000] [2002] No route to host
[2026-08-01 15:02:48] API error hal=perkara: SQLSTATE[HY000] [2002] No route to host
[2026-08-01 15:04:50] API error hal=perkara: SQLSTATE[HY000] [2002] No route to host
[2026-08-01 15:24:34] API error hal=perkara: SQLSTATE[HY000] [2002] No route to host
[2026-08-01 15:25:44] API error hal=perkara: SQLSTATE[HY000] [2002] No route to host
[2026-08-01 15:38:05] API error hal=perkara: SQLSTATE[HY000] [2002] No route to host
[2026-08-01 15:43:34] API error hal=perkara: SQLSTATE[HY000] [2002] No route to host
[2026-08-01 15:53:41] API error hal=perkara: SQLSTATE[HY000] [2002] No route to host
[2026-08-01 16:25:44] API error hal=perkara: SQLSTATE[HY000] [2002] No route to host
[2026-08-01 16:35:12] API error hal=perkara: SQLSTATE[HY000] [2002] No route to host
[2026-08-01 16:41:13] API error hal=perkara: SQLSTATE[HY000] [2002] No route to host
[2026-08-01 17:03:34] API error hal=perkara: SQLSTATE[HY000] [2002] No route to host
[2026-08-01 17:05:53] API error hal=perkara: SQLSTATE[HY000] [2002] No route to host
[2026-08-01 17:23:17] API error hal=perkara: SQLSTATE[HY000] [2002] No route to host
[2026-08-01 18:21:40] API error hal=perkara: SQLSTATE[HY000] [2002] No route to host
[2026-08-01 18:32:44] API error hal=perkara: SQLSTATE[HY000] [2002] No route to host
[2026-08-01 19:14:58] API error hal=perkara: SQLSTATE[HY000] [2002] No route to host
[2026-08-01 19:18:46] API error hal=perkara: SQLSTATE[HY000] [2002] No route to host
[2026-08-01 19:18:59] API error hal=perkara: SQLSTATE[HY000] [2002] No route to host
[2026-08-01 19:38:23] API error hal=perkara: SQLSTATE[HY000] [2002] No route to host
[2026-08-01 19:38:39] API error hal=perkara: SQLSTATE[HY000] [2002] No route to host
[2026-08-01 20:34:37] API error hal=perkara: SQLSTATE[HY000] [2002] No route to host
[2026-08-01 20:39:01] API error hal=perkara: SQLSTATE[HY000] [2002] No route to host
[2026-08-01 20:44:21] API error hal=perkara: SQLSTATE[HY000] [2002] No route to host
[2026-08-01 20:57:20] API error hal=perkara: SQLSTATE[HY000] [2002] No route to host
[2026-08-01 21:30:32] API error hal=perkara: SQLSTATE[HY000] [2002] No route to host
[2026-08-01 22:23:58] API error hal=perkara: SQLSTATE[HY000] [2002] No route to host
[2026-08-01 23:00:09] API error hal=perkara: SQLSTATE[HY000] [2002] No route to host
[2026-08-01 23:02:04] API error hal=perkara: SQLSTATE[HY000] [2002] No route to host
[2026-08-01 23:04:49] API error hal=perkara: SQLSTATE[HY000] [2002] No route to host
[2026-08-01 23:09:20] API error hal=perkara: SQLSTATE[HY000] [2002] No route to host
[2026-08-01 23:12:46] API error hal=perkara: SQLSTATE[HY000] [2002] No route to host
[2026-08-01 23:30:13] API error hal=perkara: SQLSTATE[HY000] [2002] No route to host
[2026-08-01 23:31:18] API error hal=perkara: SQLSTATE[HY000] [2002] No route to host
[2026-08-01 23:33:39] API error hal=perkara: SQLSTATE[HY000] [2002] No route to host
[2026-08-01 23:34:49] API error hal=perkara: SQLSTATE[HY000] [2002] No route to host
[2026-08-01 23:45:16] API error hal=perkara: SQLSTATE[HY000] [2002] No route to host
[2026-08-01 23:57:06] API error hal=perkara: SQLSTATE[HY000] [2002] No route to host
[2026-08-01 23:57:06] API error hal=perkara: SQLSTATE[HY000] [2002] No route to host
[2026-08-02 00:09:26] API error hal=perkara: SQLSTATE[HY000] [2002] No route to host
[2026-08-02 00:28:56] API error hal=perkara: SQLSTATE[HY000] [2002] No route to host
[2026-08-02 00:28:56] API error hal=perkara: SQLSTATE[HY000] [2002] No route to host
[2026-08-02 00:32:25] API error hal=perkara: SQLSTATE[HY000] [2002] No route to host
[2026-08-02 00:33:27] API error hal=perkara: SQLSTATE[HY000] [2002] No route to host
[2026-08-02 00:34:00] API error hal=perkara: SQLSTATE[HY000] [2002] No route to host
[2026-08-02 00:34:05] API error hal=perkara: SQLSTATE[HY000] [2002] No route to host
[2026-08-02 00:43:31] API error hal=perkara: SQLSTATE[HY000] [2002] No route to host
[2026-08-02 00:48:18] API error hal=perkara: SQLSTATE[HY000] [2002] No route to host
[2026-08-02 00:48:38] API error hal=perkara: SQLSTATE[HY000] [2002] No route to host
[2026-08-02 01:41:31] API error hal=perkara: SQLSTATE[HY000] [2002] No route to host
[2026-08-02 01:45:39] API error hal=perkara: SQLSTATE[HY000] [2002] No route to host
[2026-08-02 02:05:36] API error hal=perkara: SQLSTATE[HY000] [2002] No route to host
[2026-08-02 02:15:41] API error hal=perkara: SQLSTATE[HY000] [2002] No route to host
[2026-08-02 03:23:57] API error hal=perkara: SQLSTATE[HY000] [2002] No route to host
[2026-08-02 03:24:00] API error hal=perkara: SQLSTATE[HY000] [2002] No route to host
[2026-08-02 03:38:47] API error hal=perkara: SQLSTATE[HY000] [2002] No route to host
[2026-08-02 04:37:13] API error hal=perkara: SQLSTATE[HY000] [2002] No route to host
[2026-08-02 05:11:43] API error hal=perkara: SQLSTATE[HY000] [2002] No route to host
[2026-08-02 05:30:20] API error hal=perkara: SQLSTATE[HY000] [2002] No route to host
[2026-08-02 05:35:24] API error hal=perkara: SQLSTATE[HY000] [2002] No route to host
[2026-08-02 05:36:33] API error hal=perkara: SQLSTATE[HY000] [2002] No route to host
[2026-08-02 05:39:24] API error hal=perkara: SQLSTATE[HY000] [2002] No route to host
[2026-08-02 05:41:18] API error hal=perkara: SQLSTATE[HY000] [2002] No route to host
[2026-08-02 05:57:07] API error hal=perkara: SQLSTATE[HY000] [2002] No route to host
[2026-08-02 06:58:04] API error hal=perkara: SQLSTATE[HY000] [2002] No route to host
[2026-08-02 07:00:24] API error hal=perkara: SQLSTATE[HY000] [2002] No route to host
[2026-08-02 07:20:35] API error hal=perkara: SQLSTATE[HY000] [2002] No route to host
[2026-08-02 07:24:10] API error hal=perkara: SQLSTATE[HY000] [2002] No route to host
[2026-08-02 07:24:14] API error hal=perkara: SQLSTATE[HY000] [2002] No route to host
[2026-08-02 07:41:36] API error hal=perkara: SQLSTATE[HY000] [2002] No route to host
[2026-08-02 07:41:40] API error hal=perkara: SQLSTATE[HY000] [2002] No route to host
[2026-08-02 08:15:11] API error hal=perkara: SQLSTATE[HY000] [2002] No route to host
[2026-08-02 08:28:10] API error hal=perkara: SQLSTATE[HY000] [2002] No route to host
[2026-08-02 08:28:40] API error hal=perkara: SQLSTATE[HY000] [2002] No route to host
[2026-08-02 08:51:28] API error hal=perkara: SQLSTATE[HY000] [2002] No route to host
[2026-08-02 08:54:55] API error hal=perkara: SQLSTATE[HY000] [2002] No route to host
[2026-08-02 09:46:05] API error hal=perkara: SQLSTATE[HY000] [2002] No route to host
[2026-08-02 10:15:47] API error hal=perkara: SQLSTATE[HY000] [2002] No route to host
[2026-08-02 10:21:45] API error hal=perkara: SQLSTATE[HY000] [2002] No route to host
[2026-08-02 11:00:20] API error hal=perkara: SQLSTATE[HY000] [2002] No route to host
[2026-08-02 11:31:09] API error hal=perkara: SQLSTATE[HY000] [2002] No route to host
[2026-08-02 12:16:44] API error hal=perkara: SQLSTATE[HY000] [2002] No route to host
[2026-08-02 12:26:28] API error hal=perkara: SQLSTATE[HY000] [2002] No route to host
[2026-08-02 12:26:32] API error hal=perkara: SQLSTATE[HY000] [2002] No route to host
[2026-08-02 12:31:45] API error hal=perkara: SQLSTATE[HY000] [2002] No route to host
[2026-08-02 12:40:51] API error hal=perkara: SQLSTATE[HY000] [2002] No route to host
[2026-08-02 13:00:34] API error hal=perkara: SQLSTATE[HY000] [2002] No route to host
[2026-08-02 13:31:24] API error hal=perkara: SQLSTATE[HY000] [2002] No route to host
[2026-08-02 13:42:22] API error hal=perkara: SQLSTATE[HY000] [2002] No route to host
[2026-08-02 15:29:41] API error hal=perkara: SQLSTATE[HY000] [2002] No route to host
[2026-08-02 17:35:52] API error hal=perkara: SQLSTATE[HY000] [2002] No route to host
[2026-08-02 17:54:29] API error hal=perkara: SQLSTATE[HY000] [2002] No route to host
[2026-08-02 17:58:30] API error hal=perkara: SQLSTATE[HY000] [2002] No route to host
[2026-08-02 18:52:12] API error hal=perkara: SQLSTATE[HY000] [2002] No route to host
[2026-08-02 19:16:51] API error hal=perkara: SQLSTATE[HY000] [2002] No route to host
[2026-08-02 20:32:32] API error hal=perkara: SQLSTATE[HY000] [2002] No route to host
[2026-08-02 22:06:25] API error hal=perkara: SQLSTATE[HY000] [2002] No route to host
[2026-08-02 22:19:21] API error hal=perkara: SQLSTATE[HY000] [2002] No route to host
[2026-08-02 22:31:04] API error hal=perkara: SQLSTATE[HY000] [2002] No route to host
[2026-08-02 22:37:56] API error hal=perkara: SQLSTATE[HY000] [2002] No route to host
[2026-08-02 22:59:41] API error hal=perkara: SQLSTATE[HY000] [2002] No route to host
[2026-08-02 23:02:01] API error hal=perkara: SQLSTATE[HY000] [2002] No route to host
[2026-08-02 23:30:35] API error hal=perkara: SQLSTATE[HY000] [2002] No route to host
[2026-08-02 23:42:16] API error hal=perkara: SQLSTATE[HY000] [2002] No route to host
[2026-08-03 00:09:24] API error hal=perkara: SQLSTATE[HY000] [2002] No route to host
[2026-08-09 18:03:22] API error hal=perkara: SQLSTATE[08004] [1040] Too many connections
[2026-08-09 18:06:40] API error hal=perkara: SQLSTATE[08004] [1040] Too many connections
[2026-08-09 18:07:31] API error hal=perkara: SQLSTATE[08004] [1040] Too many connections
[2026-08-12 18:01:42] API error hal=perkara: SQLSTATE[08004] [1040] Too many connections
[2026-08-12 18:06:30] API error hal=perkara: SQLSTATE[HY000] [2002] Connection refused
[2026-08-17 18:00:25] API error hal=perkara: SQLSTATE[08004] [1040] Too many connections
