nohup: ignoring input
WA Runtime listening on port 8790
opened connection
Failed to post to webhook Request failed with status code 500
Failed to post to webhook Request failed with status code 500
Failed to post to webhook Request failed with status code 500
Failed to post to webhook Request failed with status code 500
Failed to post to webhook Request failed with status code 500
Failed to post to webhook Request failed with status code 500
Failed to post to webhook Request failed with status code 500
Failed to post to webhook Request failed with status code 500
Failed to post to webhook Request failed with status code 500
Failed to post to webhook Request failed with status code 500
Failed to post to webhook Request failed with status code 500
Failed to post to webhook Request failed with status code 500
Failed to post to webhook Request failed with status code 500
Failed to post to webhook Request failed with status code 500
Failed to post to webhook Request failed with status code 500
Failed to post to webhook Request failed with status code 500
Failed to post to webhook Request failed with status code 500
Failed to post to webhook Request failed with status code 500
Failed to post to webhook Request failed with status code 500
Failed to post to webhook Request failed with status code 500
Failed to post to webhook Request failed with status code 500
Failed to post to webhook Request failed with status code 500
Failed to post to webhook Request failed with status code 500
Failed to post to webhook Request failed with status code 500
Failed to post to webhook Request failed with status code 500
Failed to post to webhook Request failed with status code 500
Failed to post to webhook Request failed with status code 500
Failed to post to webhook Request failed with status code 500
Failed to post to webhook Request failed with status code 500
Failed to post to webhook Request failed with status code 500
Failed to post to webhook Request failed with status code 500
Failed to post to webhook Request failed with status code 500
Failed to post to webhook Request failed with status code 500
Failed to post to webhook Request failed with status code 500
Failed to post to webhook Request failed with status code 500
Failed to post to webhook Request failed with status code 500
Failed to post to webhook Request failed with status code 500
Failed to post to webhook Request failed with status code 500
Failed to post to webhook Request failed with status code 500
Failed to post to webhook Request failed with status code 500
Failed to post to webhook Request failed with status code 500
Failed to post to webhook Request failed with status code 500
Failed to post to webhook Request failed with status code 500
Failed to post to webhook Request failed with status code 500
Failed to post to webhook Request failed with status code 500
Failed to post to webhook Request failed with status code 500
Failed to post to webhook Request failed with status code 500
Failed to post to webhook Request failed with status code 500
Failed to post to webhook Request failed with status code 500
Failed to post to webhook Request failed with status code 500
Failed to post to webhook Request failed with status code 500
Failed to post to webhook Request failed with status code 500
Failed to post to webhook Request failed with status code 500
Failed to post to webhook Request failed with status code 500
Failed to post to webhook Request failed with status code 500
Failed to post to webhook Request failed with status code 500
Failed to post to webhook Request failed with status code 500
Failed to post to webhook Request failed with status code 500
Failed to post to webhook Request failed with status code 500
Failed to post to webhook Request failed with status code 500
Failed to post to webhook Request failed with status code 500
Failed to post to webhook Request failed with status code 500
Failed to post to webhook Request failed with status code 500
Failed to post to webhook Request failed with status code 500
Failed to post to webhook Request failed with status code 500
Failed to post to webhook Request failed with status code 500
Failed to post to webhook Request failed with status code 500
Failed to post to webhook Request failed with status code 500
Failed to post to webhook Request failed with status code 500
Failed to post to webhook Request failed with status code 500
Failed to post to webhook Request failed with status code 500
Failed to post to webhook Request failed with status code 500
Failed to post to webhook Request failed with status code 500
Failed to post to webhook Request failed with status code 500
Failed to post to webhook Request failed with status code 500
Failed to post to webhook Request failed with status code 500
Failed to post to webhook Request failed with status code 500
Failed to post to webhook Request failed with status code 500
Failed to post to webhook Request failed with status code 500
Failed to post to webhook Request failed with status code 500
Failed to post to webhook Request failed with status code 500
Failed to post to webhook Request failed with status code 500
Failed to post to webhook Request failed with status code 500
Failed to post to webhook Request failed with status code 500
Failed to post to webhook Request failed with status code 500
Failed to post to webhook Request failed with status code 500
Failed to post to webhook Request failed with status code 500
Failed to post to webhook Request failed with status code 500
Failed to post to webhook Request failed with status code 500
Failed to post to webhook Request failed with status code 500
Failed to post to webhook Request failed with status code 500
Failed to post to webhook Request failed with status code 500
Failed to post to webhook Request failed with status code 500
Failed to post to webhook Request failed with status code 500
Failed to post to webhook Request failed with status code 500
Failed to post to webhook Request failed with status code 500
Failed to post to webhook Request failed with status code 500
Failed to post to webhook Request failed with status code 500
Failed to post to webhook Request failed with status code 500
Failed to post to webhook Request failed with status code 500
Failed to post to webhook Request failed with status code 500
Failed to post to webhook Request failed with status code 500
Failed to post to webhook Request failed with status code 500
Failed to post to webhook Request failed with status code 500
Failed to post to webhook Request failed with status code 500
Failed to post to webhook Request failed with status code 500
Failed to post to webhook Request failed with status code 500
Failed to post to webhook Request failed with status code 500
Failed to post to webhook Request failed with status code 500
Failed to post to webhook Request failed with status code 500
Failed to post to webhook Request failed with status code 500
Failed to post to webhook Request failed with status code 500
Failed to post to webhook Request failed with status code 500
Failed to post to webhook Request failed with status code 500
Failed to post to webhook Request failed with status code 500
Failed to post to webhook Request failed with status code 500
Failed to post to webhook Request failed with status code 500
Failed to post to webhook Request failed with status code 500
Failed to post to webhook Request failed with status code 500
Failed to post to webhook Request failed with status code 500
Failed to post to webhook Request failed with status code 500
Failed to post to webhook Request failed with status code 500
Failed to post to webhook Request failed with status code 500
Closing session: SessionEntry {
  _chains: {
    'BQ64cQUO/6RSuFKGr6oUyq7OUhBuMBqXMUx4zG/2D4p3': { chainKey: [Object], chainType: 1, messageKeys: {} }
  },
  registrationId: 1848110112,
  currentRatchet: {
    ephemeralKeyPair: {
      pubKey: <Buffer 05 0e b8 71 05 0e ff a4 52 b8 52 86 af aa 14 ca ae ce 52 10 6e 30 1a 97 31 4c 78 cc 6f f6 0f 8a 77>,
      privKey: <Buffer 40 98 7d 0b db 5b 5b 8a 45 c8 86 5e a9 51 0b a7 ec 83 e1 99 e7 6b 5c 30 3c af 0d bd f5 57 f3 69>
    },
    lastRemoteEphemeralKey: <Buffer 05 a6 bd 86 20 d3 e9 c9 d6 f5 05 ae f2 e4 6e c1 46 6e 76 4b bd d8 dd 61 3c 23 06 f1 2d 80 71 4c 65>,
    previousCounter: 0,
    rootKey: <Buffer ce 49 0d 56 48 d9 18 ed 2b 47 1b 3d fe 51 9d 61 15 79 25 0b 42 de 2f 9d af f1 45 a9 b1 8b b7 0e>
  },
  indexInfo: {
    baseKey: <Buffer 05 25 23 c0 41 c0 47 9c 6d 80 09 18 c4 64 5b f1 e1 96 36 7f e8 fb 02 7c f9 6c 81 4b 6d 05 5a 34 4a>,
    baseKeyType: 1,
    closed: -1,
    used: 1776304376821,
    created: 1776304376821,
    remoteIdentityKey: <Buffer 05 56 3a 05 7a 2e 84 80 3c 6c 95 e9 f0 97 e9 23 c4 77 df 11 1b cf 1b 1e 0f 16 c4 a3 e2 dc df 3a 4b>
  },
  pendingPreKey: {
    signedKeyId: 13778877,
    baseKey: <Buffer 05 25 23 c0 41 c0 47 9c 6d 80 09 18 c4 64 5b f1 e1 96 36 7f e8 fb 02 7c f9 6c 81 4b 6d 05 5a 34 4a>,
    preKeyId: 15117198
  }
}
Closing session: SessionEntry {
  _chains: {
    'BaoM+lsqdeMaxAtVyMi4uUbF2/fkzW1TgT0pdlEzLTwp': { chainKey: [Object], chainType: 2, messageKeys: {} },
    BeBNxPSBtK2qfvazrN9q0jfgf5C3NdhjlF00sQuxKU9s: { chainKey: [Object], chainType: 1, messageKeys: {} }
  },
  registrationId: 1354790743,
  currentRatchet: {
    ephemeralKeyPair: {
      pubKey: <Buffer 05 e0 4d c4 f4 81 b4 ad aa 7e f6 b3 ac df 6a d2 37 e0 7f 90 b7 35 d8 63 94 5d 34 b1 0b b1 29 4f 6c>,
      privKey: <Buffer c8 56 99 d9 8a 40 e2 dc 71 bf 69 53 47 de 54 58 e1 20 92 a3 58 40 04 f4 c1 c7 51 c1 3b 5f 22 60>
    },
    lastRemoteEphemeralKey: <Buffer 05 aa 0c fa 5b 2a 75 e3 1a c4 0b 55 c8 c8 b8 b9 46 c5 db f7 e4 cd 6d 53 81 3d 29 76 51 33 2d 3c 29>,
    previousCounter: 1,
    rootKey: <Buffer c2 9f 74 7b 3c 9d 4d 55 e2 48 b7 3f 2a 48 d1 3f 36 66 ee 60 26 0e b2 b7 1b 04 fe 54 85 ec 41 91>
  },
  indexInfo: {
    baseKey: <Buffer 05 5c 78 0c fa 14 a9 60 0e a1 27 b6 0e f1 32 80 64 a8 81 d1 40 54 91 0c 3a 62 23 8a 07 35 82 4e 5d>,
    baseKeyType: 1,
    closed: -1,
    used: 1776312669424,
    created: 1776304841107,
    remoteIdentityKey: <Buffer 05 b1 6e 04 b4 bc db 99 07 1f db 29 0a ae 41 06 bd 4c 0b b4 4a ce e5 b1 28 3f c1 d1 3e 54 a7 2b 60>
  }
}
Closing session: SessionEntry {
  _chains: {
    'Bb/XNSduojCakvXmob26skv8zbe/2gm1mQ9+04tVm4EE': { chainKey: [Object], chainType: 2, messageKeys: {} },
    BeYUNNtqMUZUvjLMICf82RCbxj9ns7rJCbYE2Es4NstG: { chainKey: [Object], chainType: 1, messageKeys: {} }
  },
  registrationId: 1185018253,
  currentRatchet: {
    ephemeralKeyPair: {
      pubKey: <Buffer 05 e6 14 34 db 6a 31 46 54 be 32 cc 20 27 fc d9 10 9b c6 3f 67 b3 ba c9 09 b6 04 d8 4b 38 36 cb 46>,
      privKey: <Buffer f8 45 7c 45 e5 53 5d 0e a9 73 d6 a1 5e b5 ca 41 41 5e e0 4b 52 54 2d 7c 1a b3 f2 43 db 3b 10 7d>
    },
    lastRemoteEphemeralKey: <Buffer 05 bf d7 35 27 6e a2 30 9a 92 f5 e6 a1 bd ba b2 4b fc cd b7 bf da 09 b5 99 0f 7e d3 8b 55 9b 81 04>,
    previousCounter: 0,
    rootKey: <Buffer 97 e5 81 53 ea 2b 2d aa a8 7a 11 bd 2e 53 54 e0 c4 b4 ca b1 56 fd 13 33 5b c3 cf 7a 4c b2 4e 52>
  },
  indexInfo: {
    baseKey: <Buffer 05 ce 95 4a 77 70 c1 ef 8c a3 60 bb 19 2c a5 30 31 c6 4b c9 bb df 3d 3c 98 d1 9e 2e 24 ff 46 9c 42>,
    baseKeyType: 1,
    closed: -1,
    used: 1776304430846,
    created: 1776304389783,
    remoteIdentityKey: <Buffer 05 3b 3b 2a 19 70 39 a4 a7 b8 f4 04 3b 40 13 3e 8c 26 64 68 6e bb 46 d2 6f 0f ab 2c aa 56 3f 5d 26>
  }
}
Failed to post to webhook Request failed with status code 500
Failed to post to webhook Request failed with status code 500
Failed to post to webhook Request failed with status code 500
Failed to post to webhook Request failed with status code 500
Failed to post to webhook Request failed with status code 500
Failed to post to webhook Request failed with status code 500
Failed to post to webhook Request failed with status code 500
Failed to post to webhook Request failed with status code 500
Failed to post to webhook Request failed with status code 500
Failed to post to webhook Request failed with status code 500
Failed to post to webhook Request failed with status code 500
Failed to post to webhook Request failed with status code 500
Failed to post to webhook Request failed with status code 500
Failed to post to webhook Request failed with status code 500
Failed to post to webhook Request failed with status code 500
Failed to post to webhook Request failed with status code 500
Failed to post to webhook Request failed with status code 500
Failed to post to webhook Request failed with status code 500
Failed to post to webhook Request failed with status code 500
Failed to post to webhook Request failed with status code 500
Failed to post to webhook Request failed with status code 500
Failed to post to webhook Request failed with status code 500
Failed to post to webhook Request failed with status code 500
Failed to post to webhook Request failed with status code 500
Failed to post to webhook Request failed with status code 500
Failed to post to webhook Request failed with status code 500
Failed to post to webhook Request failed with status code 500
Failed to post to webhook Request failed with status code 500
Failed to post to webhook Request failed with status code 500
Failed to post to webhook Request failed with status code 500
Failed to post to webhook Request failed with status code 500
Failed to post to webhook Request failed with status code 500
Failed to post to webhook Request failed with status code 500
Failed to post to webhook Request failed with status code 500
Failed to post to webhook Request failed with status code 500
Failed to post to webhook Request failed with status code 500
Failed to post to webhook Request failed with status code 500
Failed to post to webhook Request failed with status code 500
Failed to post to webhook Request failed with status code 500
Failed to post to webhook Request failed with status code 500
Failed to post to webhook Request failed with status code 500
Failed to post to webhook Request failed with status code 500
Failed to post to webhook Request failed with status code 500
Failed to post to webhook Request failed with status code 500
Failed to post to webhook Request failed with status code 500
Webhook delivered successfully
Failed to post to webhook Request failed with status code 500
Webhook delivered successfully
Failed to post to webhook Request failed with status code 500
Failed to post to webhook Request failed with status code 500
Failed to post to webhook Request failed with status code 500
Closing session: SessionEntry {
  _chains: {
    'BeVniiMWZxInJZxEtiNGf1Ewfj483nnm0o0xN1IPpcU+': { chainKey: [Object], chainType: 2, messageKeys: {} },
    'BVf5d1NzzEi7b6muXnqLpmLh/c7m5ZWOnN7qjajkzEAI': { chainKey: [Object], chainType: 2, messageKeys: {} },
    'BfvSfuyD6278nCFyRkMBZs+VsoiT4w3QXzc0KBHVhkEh': { chainKey: [Object], chainType: 1, messageKeys: {} }
  },
  registrationId: 1354790743,
  currentRatchet: {
    ephemeralKeyPair: {
      pubKey: <Buffer 05 fb d2 7e ec 83 eb 6e fc 9c 21 72 46 43 01 66 cf 95 b2 88 93 e3 0d d0 5f 37 34 28 11 d5 86 41 21>,
      privKey: <Buffer e0 35 45 9f 90 93 72 b0 80 27 e2 b6 f1 2f c2 4b 3c 36 f1 ca fd 28 b6 71 12 eb 75 f4 31 3c b9 5a>
    },
    lastRemoteEphemeralKey: <Buffer 05 57 f9 77 53 73 cc 48 bb 6f a9 ae 5e 7a 8b a6 62 e1 fd ce e6 e5 95 8e 9c de ea 8d a8 e4 cc 40 08>,
    previousCounter: 0,
    rootKey: <Buffer 8f 87 ba 4e 53 d7 ec 76 27 1d f8 96 7d 63 9f 7c 14 51 f2 cf 9a 72 f3 b9 84 ef d9 4a 29 c1 f5 ea>
  },
  indexInfo: {
    baseKey: <Buffer 05 83 9a 46 39 a2 9f 78 9b d7 d5 e6 35 82 4c 61 17 9b 3e 5d 0b b8 65 b7 cf 87 f7 0b 69 e9 fc d2 32>,
    baseKeyType: 1,
    closed: -1,
    used: 1776346183336,
    created: 1776336267695,
    remoteIdentityKey: <Buffer 05 b1 6e 04 b4 bc db 99 07 1f db 29 0a ae 41 06 bd 4c 0b b4 4a ce e5 b1 28 3f c1 d1 3e 54 a7 2b 60>
  }
}
Closing session: SessionEntry {
  _chains: {
    BaNvZStG5cRLKwvBEFJO1A5uKmI8ePSIdp1ezsJZDlgM: { chainKey: [Object], chainType: 1, messageKeys: {} }
  },
  registrationId: 1185018253,
  currentRatchet: {
    ephemeralKeyPair: {
      pubKey: <Buffer 05 a3 6f 65 2b 46 e5 c4 4b 2b 0b c1 10 52 4e d4 0e 6e 2a 62 3c 78 f4 88 76 9d 5e ce c2 59 0e 58 0c>,
      privKey: <Buffer 88 1c d6 c1 87 d6 f8 82 2d b2 22 e4 5c 8c b5 57 35 61 6d 15 9d d3 0c 39 f1 c0 e1 ee 65 69 3e 50>
    },
    lastRemoteEphemeralKey: <Buffer 05 59 36 5e 6e 8d 50 9a 9d 78 b8 9d 01 a8 c2 c7 de e4 a6 cc c4 3b 8d 72 77 76 be 96 f9 35 89 f1 25>,
    previousCounter: 0,
    rootKey: <Buffer 36 f7 20 f2 d4 34 f6 02 8a 8f d2 3d ef 5e 23 a0 4d 64 ed 5b e7 21 0b c1 aa bd 62 1d 38 52 00 bf>
  },
  indexInfo: {
    baseKey: <Buffer 05 30 40 aa 00 32 89 81 28 ba 61 c8 a1 13 fb b6 6e a0 e0 c4 88 31 53 3a 81 4a 12 74 e2 e7 8a 4f 2a>,
    baseKeyType: 1,
    closed: -1,
    used: 1776336293779,
    created: 1776336293779,
    remoteIdentityKey: <Buffer 05 3b 3b 2a 19 70 39 a4 a7 b8 f4 04 3b 40 13 3e 8c 26 64 68 6e bb 46 d2 6f 0f ab 2c aa 56 3f 5d 26>
  },
  pendingPreKey: {
    signedKeyId: 8090536,
    baseKey: <Buffer 05 30 40 aa 00 32 89 81 28 ba 61 c8 a1 13 fb b6 6e a0 e0 c4 88 31 53 3a 81 4a 12 74 e2 e7 8a 4f 2a>,
    preKeyId: 3243958
  }
}
Failed to post to webhook Request failed with status code 500
Failed to post to webhook Request failed with status code 500
Failed to post to webhook Request failed with status code 500
Failed to post to webhook Request failed with status code 500
Failed to post to webhook Request failed with status code 500
Failed to post to webhook Request failed with status code 500
Failed to post to webhook Request failed with status code 500
Failed to post to webhook Request failed with status code 500
Failed to post to webhook Request failed with status code 500
Failed to post to webhook Request failed with status code 500
Failed to post to webhook Request failed with status code 500
Failed to post to webhook Request failed with status code 500
Failed to post to webhook Request failed with status code 500
Failed to post to webhook Request failed with status code 500
Failed to post to webhook Request failed with status code 500
Failed to post to webhook Request failed with status code 500
Failed to post to webhook Request failed with status code 500
Failed to post to webhook Request failed with status code 500
Failed to post to webhook Request failed with status code 500
Failed to post to webhook Request failed with status code 500
Failed to post to webhook Request failed with status code 500
Failed to post to webhook Request failed with status code 500
Failed to post to webhook Request failed with status code 500
Failed to post to webhook Request failed with status code 500
Failed to post to webhook Request failed with status code 500
Failed to post to webhook Request failed with status code 500
Failed to post to webhook Request failed with status code 500
Failed to post to webhook Request failed with status code 500
Failed to post to webhook Request failed with status code 500
Failed to post to webhook Request failed with status code 500
Failed to post to webhook Request failed with status code 500
Failed to post to webhook Request failed with status code 500
Failed to post to webhook Request failed with status code 500
Failed to post to webhook Request failed with status code 500
Failed to post to webhook Request failed with status code 500
Failed to post to webhook Request failed with status code 500
Failed to post to webhook Request failed with status code 500
Failed to post to webhook Request failed with status code 500
Failed to post to webhook Request failed with status code 500
Failed to post to webhook Request failed with status code 500
Failed to post to webhook Request failed with status code 500
connection closed due to  Error: Intentional Logout
    at Object.logout (file:///var/www/lawangsewu/wa-runtime/node_modules/@whiskeysockets/baileys/lib/Socket/socket.js:583:13)
    at async file:///var/www/lawangsewu/wa-runtime/server.mjs:171:9 {
  data: null,
  isBoom: true,
  isServer: false,
  output: {
    statusCode: 401,
    payload: {
      statusCode: 401,
      error: 'Unauthorized',
      message: 'Intentional Logout'
    },
    headers: {}
  }
} , reconnecting  false
Connection closed. You need to restart/reconnect and scan QR again.
connection closed due to  Error: Connection Failure
    at WebSocketClient.<anonymous> (file:///var/www/lawangsewu/wa-runtime/node_modules/@whiskeysockets/baileys/lib/Socket/socket.js:785:13)
    at WebSocketClient.emit (node:events:508:20)
    at file:///var/www/lawangsewu/wa-runtime/node_modules/@whiskeysockets/baileys/lib/Socket/socket.js:464:35
    at Object.decodeFrame (file:///var/www/lawangsewu/wa-runtime/node_modules/@whiskeysockets/baileys/lib/Utils/noise-handler.js:141:17)
    at process.processTicksAndRejections (node:internal/process/task_queues:104:5)
    at async WebSocketClient.onMessageReceived (file:///var/www/lawangsewu/wa-runtime/node_modules/@whiskeysockets/baileys/lib/Socket/socket.js:441:9) {
  data: { reason: '401', location: 'cln' },
  isBoom: true,
  isServer: false,
  output: {
    statusCode: 401,
    payload: {
      statusCode: 401,
      error: 'Unauthorized',
      message: 'Connection Failure'
    },
    headers: {}
  }
} , reconnecting  false
Connection closed. You need to restart/reconnect and scan QR again.
Error: Connection Closed
    at sendRawMessage (file:///var/www/lawangsewu/wa-runtime/node_modules/@whiskeysockets/baileys/lib/Socket/socket.js:50:19)
    at sendNode (file:///var/www/lawangsewu/wa-runtime/node_modules/@whiskeysockets/baileys/lib/Socket/socket.js:69:16)
    at Object.logout (file:///var/www/lawangsewu/wa-runtime/node_modules/@whiskeysockets/baileys/lib/Socket/socket.js:564:19)
    at file:///var/www/lawangsewu/wa-runtime/server.mjs:171:20
    at Layer.handleRequest (/var/www/lawangsewu/wa-runtime/node_modules/router/lib/layer.js:152:17)
    at next (/var/www/lawangsewu/wa-runtime/node_modules/router/lib/route.js:157:13)
    at Route.dispatch (/var/www/lawangsewu/wa-runtime/node_modules/router/lib/route.js:117:3)
    at handle (/var/www/lawangsewu/wa-runtime/node_modules/router/index.js:435:11)
    at Layer.handleRequest (/var/www/lawangsewu/wa-runtime/node_modules/router/lib/layer.js:152:17)
    at /var/www/lawangsewu/wa-runtime/node_modules/router/index.js:295:15
