{"level":"error","message":"Access denied for user 'dbprakom'@'127.0.0.1' (using password: YES)","service":"WA-API","timestamp":"2026-04-16 23:47:38"}
{"level":"error","message":"listen EADDRINUSE: address already in use 127.0.0.1:8089","service":"WA-API","timestamp":"2026-04-17 14:43:20"}
{"level":"error","message":"listen EADDRINUSE: address already in use 127.0.0.1:8089","service":"WA-API","timestamp":"2026-04-17 14:43:43"}
{"level":"error","message":"listen EADDRINUSE: address already in use 127.0.0.1:8089","service":"WA-API","timestamp":"2026-04-17 14:45:17"}
{"level":"error","message":"get-contacts error: getAlternateUserWid - Invalid get call using deviceWid\ns (https://static.whatsapp.net/rsrc.php/v4/yn/r/1Rk4BX8YPYQ.js:79:180)","service":"WA-API","timestamp":"2026-04-21 09:40:33"}
{"level":"error","message":"Session ID : lw-main-session gagal initialize: Execution context was destroyed, most likely because of a navigation.","service":"WA-API","timestamp":"2026-04-21 10:05:19"}
{"level":"error","message":"get-contacts error: Cannot read properties of undefined (reading 'getContacts')","service":"WA-API","timestamp":"2026-04-21 10:05:50"}
{"level":"error","message":"get-contacts error: Cannot read properties of undefined (reading 'getContacts')","service":"WA-API","timestamp":"2026-04-21 10:05:50"}
{"level":"error","message":"Session ID : lw-main-session gagal initialize: The browser is already running for /home/dbprakom/wa-lawangsewu/sessions/session-lw-main-session. Use a different `userDataDir` or stop the running browser first.","service":"WA-API","timestamp":"2026-04-21 10:06:44"}
{"level":"error","message":"get-contacts error: Cannot read properties of null (reading 'evaluate')","service":"WA-API","timestamp":"2026-04-21 10:07:52"}
{"level":"error","message":"get-contacts error: Cannot read properties of null (reading 'evaluate')","service":"WA-API","timestamp":"2026-04-21 10:08:04"}
{"level":"error","message":"get-contacts error: Cannot read properties of null (reading 'evaluate')","service":"WA-API","timestamp":"2026-04-21 10:08:16"}
{"level":"error","message":"get-contacts error: Cannot read properties of null (reading 'evaluate')","service":"WA-API","timestamp":"2026-04-21 10:08:19"}
{"level":"error","message":"get-contacts error: Cannot read properties of null (reading 'evaluate')","service":"WA-API","timestamp":"2026-04-21 10:08:22"}
{"level":"error","message":"get-contacts error: Cannot read properties of null (reading 'evaluate')","service":"WA-API","timestamp":"2026-04-21 10:08:28"}
{"level":"error","message":"get-contacts error: Cannot read properties of null (reading 'evaluate')","service":"WA-API","timestamp":"2026-04-21 10:08:41"}
{"level":"error","message":"get-contacts error: Cannot read properties of null (reading 'evaluate')","service":"WA-API","timestamp":"2026-04-21 10:08:53"}
{"level":"error","message":"get-contacts error: Cannot read properties of null (reading 'evaluate')","service":"WA-API","timestamp":"2026-04-21 10:09:06"}
{"level":"error","message":"get-contacts error: Cannot read properties of null (reading 'evaluate')","service":"WA-API","timestamp":"2026-04-21 10:09:48"}
{"level":"error","message":"get-contacts error: Cannot read properties of null (reading 'evaluate')","service":"WA-API","timestamp":"2026-04-21 10:09:54"}
{"level":"error","message":"get-contacts error: Cannot read properties of null (reading 'evaluate')","service":"WA-API","timestamp":"2026-04-21 10:10:19"}
{"level":"error","message":"get-contacts error: Cannot read properties of null (reading 'evaluate')","service":"WA-API","timestamp":"2026-04-21 10:10:25"}
{"level":"error","message":"get-contacts error: Cannot read properties of null (reading 'evaluate')","service":"WA-API","timestamp":"2026-04-21 10:11:13"}
{"level":"error","message":"get-contacts error: Cannot read properties of null (reading 'evaluate')","service":"WA-API","timestamp":"2026-04-21 10:11:24"}
{"level":"error","message":"get-contacts error: Cannot read properties of null (reading 'evaluate')","service":"WA-API","timestamp":"2026-04-21 10:11:35"}
{"level":"error","message":"get-contacts error: Cannot read properties of null (reading 'evaluate')","service":"WA-API","timestamp":"2026-04-21 10:11:45"}
{"level":"error","message":"get-contacts error: Cannot read properties of null (reading 'evaluate')","service":"WA-API","timestamp":"2026-04-21 10:11:57"}
{"level":"error","message":"get-contacts error: Cannot read properties of null (reading 'evaluate')","service":"WA-API","timestamp":"2026-04-21 10:12:08"}
{"level":"error","message":"get-contacts error: Cannot read properties of null (reading 'evaluate')","service":"WA-API","timestamp":"2026-04-21 10:12:39"}
{"level":"error","message":"get-contacts error: Cannot read properties of null (reading 'evaluate')","service":"WA-API","timestamp":"2026-04-21 10:13:21"}
{"level":"error","message":"get-contacts error: Cannot read properties of null (reading 'evaluate')","service":"WA-API","timestamp":"2026-04-21 10:14:00"}
{"level":"error","message":"get-contacts error: Cannot read properties of null (reading 'evaluate')","service":"WA-API","timestamp":"2026-04-21 10:14:10"}
{"level":"error","message":"get-contacts error: Cannot read properties of null (reading 'evaluate')","service":"WA-API","timestamp":"2026-04-21 10:14:12"}
{"level":"error","message":"get-contacts error: Cannot read properties of null (reading 'evaluate')","service":"WA-API","timestamp":"2026-04-21 10:14:46"}
{"level":"error","message":"get-contacts error: Cannot read properties of null (reading 'evaluate')","service":"WA-API","timestamp":"2026-04-21 10:15:10"}
{"level":"error","message":"get-contacts error: Cannot read properties of null (reading 'evaluate')","service":"WA-API","timestamp":"2026-04-21 10:15:21"}
{"level":"error","message":"get-contacts error: Cannot read properties of null (reading 'evaluate')","service":"WA-API","timestamp":"2026-04-21 10:15:31"}
{"level":"error","message":"get-contacts error: Cannot read properties of null (reading 'evaluate')","service":"WA-API","timestamp":"2026-04-21 10:15:43"}
{"level":"error","message":"get-contacts error: Cannot read properties of null (reading 'evaluate')","service":"WA-API","timestamp":"2026-04-21 10:16:09"}
{"level":"error","message":"get-contacts error: Cannot read properties of null (reading 'evaluate')","service":"WA-API","timestamp":"2026-04-21 10:16:15"}
{"level":"error","message":"get-contacts error: Cannot read properties of null (reading 'evaluate')","service":"WA-API","timestamp":"2026-04-21 10:16:20"}
{"level":"error","message":"get-contacts error: Cannot read properties of null (reading 'evaluate')","service":"WA-API","timestamp":"2026-04-21 10:16:49"}
{"level":"error","message":"Session ID : lw-main-session gagal initialize: The browser is already running for /home/dbprakom/wa-lawangsewu/sessions/session-lw-main-session. Use a different `userDataDir` or stop the running browser first.","service":"WA-API","timestamp":"2026-04-21 10:18:19"}
{"level":"error","message":"Session ID : lw-main-session gagal initialize: The browser is already running for /home/dbprakom/wa-lawangsewu/sessions/session-lw-main-session. Use a different `userDataDir` or stop the running browser first.","service":"WA-API","timestamp":"2026-04-21 10:18:31"}
{"level":"error","message":"Session ID : lw-main-session gagal initialize: The browser is already running for /home/dbprakom/wa-lawangsewu/sessions/session-lw-main-session. Use a different `userDataDir` or stop the running browser first.","service":"WA-API","timestamp":"2026-04-21 10:18:50"}
{"level":"error","message":"Session ID : lw-main-session gagal initialize: The browser is already running for /home/dbprakom/wa-lawangsewu/sessions/session-lw-main-session. Use a different `userDataDir` or stop the running browser first.","service":"WA-API","timestamp":"2026-04-21 10:19:09"}
{"level":"error","message":"Session ID : lw-main-session gagal initialize: The browser is already running for /home/dbprakom/wa-lawangsewu/sessions/session-lw-main-session. Use a different `userDataDir` or stop the running browser first.","service":"WA-API","timestamp":"2026-04-21 10:19:43"}
{"level":"error","message":"Session ID : lw-main-session gagal initialize: The browser is already running for /home/dbprakom/wa-lawangsewu/sessions/session-lw-main-session. Use a different `userDataDir` or stop the running browser first.","service":"WA-API","timestamp":"2026-04-21 10:19:51"}
{"level":"error","message":"Session ID : lw-main-session gagal initialize: The browser is already running for /home/dbprakom/wa-lawangsewu/sessions/session-lw-main-session. Use a different `userDataDir` or stop the running browser first.","service":"WA-API","timestamp":"2026-04-21 10:20:35"}
{"level":"error","message":"Session ID : lw-main-session gagal initialize: The browser is already running for /home/dbprakom/wa-lawangsewu/sessions/session-lw-main-session. Use a different `userDataDir` or stop the running browser first.","service":"WA-API","timestamp":"2026-04-21 10:20:43"}
{"level":"error","message":"get-contacts error: Cannot read properties of null (reading 'evaluate')","service":"WA-API","timestamp":"2026-04-21 10:21:01"}
{"level":"error","message":"get-contacts error: Cannot read properties of null (reading 'evaluate')","service":"WA-API","timestamp":"2026-04-21 10:21:03"}
{"level":"error","message":"Session ID : lw-main-session gagal initialize: The browser is already running for /home/dbprakom/wa-lawangsewu/sessions/session-lw-main-session. Use a different `userDataDir` or stop the running browser first.","service":"WA-API","timestamp":"2026-04-21 10:29:01"}
{"level":"error","message":"Session ID : lw-main-session gagal initialize: The browser is already running for /home/dbprakom/wa-lawangsewu/sessions/session-lw-main-session. Use a different `userDataDir` or stop the running browser first.","service":"WA-API","timestamp":"2026-04-21 10:29:09"}
{"level":"error","message":"Session ID : lw-main-session gagal initialize: The browser is already running for /home/dbprakom/wa-lawangsewu/sessions/session-lw-main-session. Use a different `userDataDir` or stop the running browser first.","service":"WA-API","timestamp":"2026-04-21 10:30:15"}
{"level":"error","message":"Session ID : lw-main-session gagal initialize: The browser is already running for /home/dbprakom/wa-lawangsewu/sessions/session-lw-main-session. Use a different `userDataDir` or stop the running browser first.","service":"WA-API","timestamp":"2026-04-21 10:30:40"}
{"level":"error","message":"Session ID : lw-main-session gagal initialize: The browser is already running for /home/dbprakom/wa-lawangsewu/sessions/session-lw-main-session. Use a different `userDataDir` or stop the running browser first.","service":"WA-API","timestamp":"2026-04-21 10:30:48"}
{"level":"error","message":"Session ID : lw-main-session gagal initialize: The browser is already running for /home/dbprakom/wa-lawangsewu/sessions/session-lw-main-session. Use a different `userDataDir` or stop the running browser first.","service":"WA-API","timestamp":"2026-04-21 10:35:42"}
{"level":"error","message":"get-contacts error: Protocol error (Runtime.callFunctionOn): Promise was collected","service":"WA-API","timestamp":"2026-04-21 10:49:36"}
{"level":"error","message":"Session ID : lw-main-session Gagal download media: Protocol error (Runtime.callFunctionOn): Target closed","service":"WA-API","timestamp":"2026-04-22 08:05:01"}
{"level":"error","message":"get-contacts error: Protocol error (Runtime.callFunctionOn): Target closed","service":"WA-API","timestamp":"2026-04-22 08:05:01"}
{"level":"error","message":"Session ID : lw-main-session Gagal download media: Protocol error (Runtime.callFunctionOn): Target closed","service":"WA-API","timestamp":"2026-04-22 08:05:01"}
{"level":"error","message":"Session ID : lw-main-session Gagal download media: Protocol error (Runtime.callFunctionOn): Target closed","service":"WA-API","timestamp":"2026-04-22 08:05:01"}
{"level":"error","message":"Session ID : lw-main-session Gagal download media: Protocol error (Runtime.callFunctionOn): Target closed","service":"WA-API","timestamp":"2026-04-22 08:05:01"}
{"level":"error","message":"Session ID : lw-main-session gagal initialize: Protocol error (Target.setDiscoverTargets): Target closed","service":"WA-API","timestamp":"2026-04-22 14:25:32"}
{"level":"error","message":"Session ID : lw-main-session gagal initialize: Could not find Chrome (ver. 147.0.7727.56). This can occur if either\n 1. you did not perform an installation before running the script (e.g. `npx puppeteer browsers install chrome`) or\n 2. your cache path is incorrectly configured (which is: /home/dbprakom/.cache/puppeteer).\nFor (2), check out our guide on configuring puppeteer at https://pptr.dev/guides/configuration.","service":"WA-API","timestamp":"2026-04-26 13:01:07"}
{"level":"error","message":"Session ID : lw-main-session gagal initialize: Could not find Chrome (ver. 147.0.7727.56). This can occur if either\n 1. you did not perform an installation before running the script (e.g. `npx puppeteer browsers install chrome`) or\n 2. your cache path is incorrectly configured (which is: /home/dbprakom/.cache/puppeteer).\nFor (2), check out our guide on configuring puppeteer at https://pptr.dev/guides/configuration.","service":"WA-API","timestamp":"2026-04-26 13:27:44"}
